07:28:56  ==================================================================
07:28:56  Domain-size and absorber-width independence, seed 11, ppw 8
07:31:04    production     sponge 10 damp 0.020  az   0    -89.04 dB  (172, 442, 442)  115 s
07:32:59    production     sponge 10 damp 0.020  az  60    -86.03 dB  (172, 442, 442)  114 s
07:34:52    production     sponge 10 damp 0.020  az 120    -86.21 dB  (172, 442, 442)  113 s
07:36:45    production     sponge 10 damp 0.020  az 180    -86.14 dB  (172, 442, 442)  113 s
07:38:38    production     sponge 10 damp 0.020  az 240    -87.96 dB  (172, 442, 442)  113 s
07:40:30    production     sponge 10 damp 0.020  az 300    -83.97 dB  (172, 442, 442)  113 s
07:42:47    wide pad       sponge 20 damp 0.020  az   0    -89.04 dB  (192, 462, 462)  137 s
07:45:03    wide pad       sponge 20 damp 0.020  az  60    -86.03 dB  (192, 462, 462)  136 s
07:47:17    wide pad       sponge 20 damp 0.020  az 120    -86.21 dB  (192, 462, 462)  134 s
07:49:31    wide pad       sponge 20 damp 0.020  az 180    -86.14 dB  (192, 462, 462)  134 s
07:51:44    wide pad       sponge 20 damp 0.020  az 240    -87.96 dB  (192, 462, 462)  133 s
07:53:58    wide pad       sponge 20 damp 0.020  az 300    -83.97 dB  (192, 462, 462)  134 s
07:55:49    weak absorber  sponge 10 damp 0.010  az   0    -84.88 dB  (172, 442, 442)  111 s
07:57:40    weak absorber  sponge 10 damp 0.010  az  60    -83.73 dB  (172, 442, 442)  111 s
07:59:30    weak absorber  sponge 10 damp 0.010  az 120    -84.30 dB  (172, 442, 442)  110 s
08:01:20    weak absorber  sponge 10 damp 0.010  az 180    -85.79 dB  (172, 442, 442)  110 s
08:03:10    weak absorber  sponge 10 damp 0.010  az 240    -85.27 dB  (172, 442, 442)  110 s
08:05:00    weak absorber  sponge 10 damp 0.010  az 300    -83.59 dB  (172, 442, 442)  110 s
08:05:00  
08:05:00  configuration       mean dB       sd      vs prod
08:05:00  production           -86.56     1.76        +0.00
08:05:00  wide pad             -86.56     1.76        +0.00
08:05:00  weak absorber        -84.60     0.87        +1.96
08:05:00  
08:05:00  The ensemble spread across independent tessellations is 0.60 dB (Section 4).
08:05:00  A configuration difference well inside that is not resolvable and the
08:05:00  production setting is converged in that respect.
