18:56:45  ============================================================
18:56:45  FOLLOWUP2: 7 sweeps (blinding geometry, weak girdle, clustered, four tessellations)
18:56:45  [1/7] blind_singlez_s11_ppw8  (ppw 8, seed 11, normal, kappa 3.93, corr 0.0)
C:\Users\Jerome\AppData\Roaming\Python\Python312\site-packages\cupy\_environment.py:284: UserWarning: CUDA path could not be detected. Set CUDA_PATH environment variable if CuPy fails to load.
  warnings.warn(
18:57:02    blind_singlez_s11_ppw8: 30/30 azimuths to run, h=0.241 mm
19:06:15      blind_singlez_s11_ppw8 az  48 (5/30) 110 s  ~46 min left
19:15:34      blind_singlez_s11_ppw8 az 108 (10/30) 112 s  ~37 min left
19:21:15  ============================================================
19:21:15  FOLLOWUP2: 7 sweeps (blinding geometry, weak girdle, clustered, four tessellations)
19:21:15  [1/7] blind_singlez_s11_ppw8  (ppw 8, seed 11, normal, kappa 3.93, corr 0.0)
C:\Users\Jerome\AppData\Roaming\Python\Python312\site-packages\cupy\_environment.py:284: UserWarning: CUDA path could not be detected. Set CUDA_PATH environment variable if CuPy fails to load.
  warnings.warn(
19:21:31    blind_singlez_s11_ppw8: 18/30 azimuths to run, h=0.241 mm
19:31:26      blind_singlez_s11_ppw8 az 192 (5/18) 123 s  ~26 min left
19:41:43      blind_singlez_s11_ppw8 az 252 (10/18) 124 s  ~16 min left
19:51:57      blind_singlez_s11_ppw8 az 312 (15/18) 123 s  ~6 min left
19:58:13      blind_singlez_s11_ppw8 az 348 (18/18) 126 s  ~0 min left
19:58:13  [2/7] wk_girdle_k3_s11_ppw8  (ppw 8, seed 11, normal, kappa -3.00, corr 0.0)
19:58:44    wk_girdle_k3_s11_ppw8: 30/30 azimuths to run, h=0.241 mm
20:08:46      wk_girdle_k3_s11_ppw8 az  48 (5/30) 118 s  ~50 min left
20:18:53      wk_girdle_k3_s11_ppw8 az 108 (10/30) 122 s  ~40 min left
21:27:54  ============================================================
21:27:54  FOLLOWUP2: 7 sweeps (blinding geometry, weak girdle, clustered, four tessellations)
21:27:54  [1/7] blind_singlez_s11_ppw8  (ppw 8, seed 11, normal, kappa 3.93, corr 0.0)
21:27:54    blind_singlez_s11_ppw8 already complete
21:27:54  [2/7] wk_girdle_k3_s11_ppw8  (ppw 8, seed 11, normal, kappa -3.00, corr 0.0)
C:\Users\Jerome\AppData\Roaming\Python\Python312\site-packages\cupy\_environment.py:284: UserWarning: CUDA path could not be detected. Set CUDA_PATH environment variable if CuPy fails to load.
  warnings.warn(
21:28:09    wk_girdle_k3_s11_ppw8: 17/30 azimuths to run, h=0.241 mm
21:37:24      wk_girdle_k3_s11_ppw8 az 204 (5/17) 110 s  ~22 min left
21:46:36      wk_girdle_k3_s11_ppw8 az 264 (10/17) 111 s  ~13 min left
21:55:48      wk_girdle_k3_s11_ppw8 az 324 (15/17) 110 s  ~4 min left
21:59:29      wk_girdle_k3_s11_ppw8 az 348 (17/17) 111 s  ~0 min left
21:59:29  [3/7] clus_girdle_s11_ppw8  (ppw 8, seed 11, normal, kappa -8.00, corr 0.6)
21:59:41    clus_girdle_s11_ppw8: 30/30 azimuths to run, h=0.241 mm
22:08:53      clus_girdle_s11_ppw8 az  48 (5/30) 110 s  ~46 min left
22:18:05      clus_girdle_s11_ppw8 az 108 (10/30) 111 s  ~37 min left
22:27:29      clus_girdle_s11_ppw8 az 168 (15/30) 113 s  ~28 min left
22:36:46      clus_girdle_s11_ppw8 az 228 (20/30) 113 s  ~19 min left
22:46:08      clus_girdle_s11_ppw8 az 288 (25/30) 112 s  ~9 min left
22:55:34      clus_girdle_s11_ppw8 az 348 (30/30) 113 s  ~0 min left
22:55:34  [4/7] mx_girdle_s13_ppw8  (ppw 8, seed 13, normal, kappa -8.00, corr 0.0)
22:55:51    mx_girdle_s13_ppw8: 30/30 azimuths to run, h=0.241 mm
23:05:17      mx_girdle_s13_ppw8 az  48 (5/30) 113 s  ~47 min left
23:14:43      mx_girdle_s13_ppw8 az 108 (10/30) 114 s  ~38 min left
23:24:10      mx_girdle_s13_ppw8 az 168 (15/30) 113 s  ~28 min left
23:33:37      mx_girdle_s13_ppw8 az 228 (20/30) 113 s  ~19 min left
23:43:03      mx_girdle_s13_ppw8 az 288 (25/30) 113 s  ~9 min left
23:52:30      mx_girdle_s13_ppw8 az 348 (30/30) 113 s  ~0 min left
23:52:30  [5/7] mx_girdle_s29_ppw8  (ppw 8, seed 29, normal, kappa -8.00, corr 0.0)
23:52:47    mx_girdle_s29_ppw8: 30/30 azimuths to run, h=0.241 mm
00:02:13      mx_girdle_s29_ppw8 az  48 (5/30) 113 s  ~47 min left
00:11:39      mx_girdle_s29_ppw8 az 108 (10/30) 113 s  ~38 min left
00:21:10      mx_girdle_s29_ppw8 az 168 (15/30) 114 s  ~28 min left
00:30:40      mx_girdle_s29_ppw8 az 228 (20/30) 115 s  ~19 min left
00:40:04      mx_girdle_s29_ppw8 az 288 (25/30) 113 s  ~9 min left
00:49:23      mx_girdle_s29_ppw8 az 348 (30/30) 112 s  ~0 min left
00:49:23  [6/7] mx_girdle_s47_ppw8  (ppw 8, seed 47, normal, kappa -8.00, corr 0.0)
00:49:44    mx_girdle_s47_ppw8: 30/30 azimuths to run, h=0.241 mm
00:59:08      mx_girdle_s47_ppw8 az  48 (5/30) 113 s  ~47 min left
01:08:24      mx_girdle_s47_ppw8 az 108 (10/30) 109 s  ~37 min left
01:17:32      mx_girdle_s47_ppw8 az 168 (15/30) 109 s  ~28 min left
01:26:37      mx_girdle_s47_ppw8 az 228 (20/30) 109 s  ~18 min left
01:35:52      mx_girdle_s47_ppw8 az 288 (25/30) 112 s  ~9 min left
01:45:11      mx_girdle_s47_ppw8 az 348 (30/30) 112 s  ~0 min left
01:45:11  [7/7] mx_girdle_s67_ppw8  (ppw 8, seed 67, normal, kappa -8.00, corr 0.0)
01:45:28    mx_girdle_s67_ppw8: 30/30 azimuths to run, h=0.241 mm
01:54:45      mx_girdle_s67_ppw8 az  48 (5/30) 111 s  ~46 min left
02:04:06      mx_girdle_s67_ppw8 az 108 (10/30) 112 s  ~37 min left
02:13:28      mx_girdle_s67_ppw8 az 168 (15/30) 113 s  ~28 min left
02:22:47      mx_girdle_s67_ppw8 az 228 (20/30) 110 s  ~19 min left
02:31:49      mx_girdle_s67_ppw8 az 288 (25/30) 108 s  ~9 min left
02:40:57      mx_girdle_s67_ppw8 az 348 (30/30) 112 s  ~0 min left
02:40:57  FOLLOWUP2 DONE in 5.2 h
