===============================================================================
REPLAY OF THE PRODUCTION BUILD, the premise of every perturbation
===============================================================================
  seed  11  107 seeds  104 grains   labels exact  seeds exact  c-axes exact
  seed   7  107 seeds  101 grains   labels exact  seeds exact  c-axes exact
  seed  17  109 seeds  108 grains   labels exact  seeds exact  c-axes exact
  seed  23  107 seeds  103 grains   labels exact  seeds exact  c-axes exact
  seed  41  107 seeds  104 grains   labels exact  seeds exact  c-axes exact
  seed  53  108 seeds  100 grains   labels exact  seeds exact  c-axes exact
  seed  71  107 seeds  103 grains   labels exact  seeds exact  c-axes exact
  seed  89  109 seeds  105 grains   labels exact  seeds exact  c-axes exact
  the replayed seed set and weights reproduce the cached label
  volume, the cached seed list and the cached c-axis draw for
  8 of 8 tessellations.

  measured fields loaded: 8 sweeps, 30 azimuths, 600 gate samples

===============================================================================
BASELINE LINE-UP, 48 candidates, current code
===============================================================================
  sweep                  own    r_pub  rank     r_dv  rank  r_field  rank
  girdle_perp_ppw8        11    0.393     2    0.641     1    0.067     2
  mx_girdle_s7_ppw8        7    0.495     1    0.630     1    0.176     1
  mx_girdle_s17_ppw8      17    0.467     1    0.249     2    0.193     1
  mx_girdle_s23_ppw8      23    0.112     1    0.119     2    0.158     1
  mx_girdle_s41_ppw8      41    0.027     2    0.054     1    0.205     1
  mx_girdle_s53_ppw8      53    0.066     6    0.520     1    0.021    15
  mx_girdle_s71_ppw8      71    0.080     2    0.359     1    0.230     1
  mx_girdle_s89_ppw8      89    0.586     1    0.587     1    0.248     1
  pub    4 of 8 rank first, binomial p = 1.23e-05, mean r = +0.278
  dv     6 of 8 rank first, binomial p = 2.21e-09, mean r = +0.395
  field  6 of 8 rank first, binomial p = 2.21e-09, mean r = +0.162
  The published identification statistic is the pub column. It
  is recomputed here rather than read from
  tessellation_replication.npz so that every number in this
  module comes from one version of coda_field.

===============================================================================
IS THE PUBLISHED STATISTIC BLIND TO ORIENTATION?
===============================================================================
  pub    own c-axes +0.393359   c-axes replaced by uniform random +0.393359   delta +0
  dv     own c-axes +0.640829   c-axes replaced by uniform random +0.219015   delta -0.422
  field  own c-axes +0.067102   c-axes replaced by uniform random +0.063359   delta -0.00374
  march_geometry passes use_dv=False and const_v=True, so the
  candidate's c-axes reach no arithmetic in the pub score. The
  delta above is exactly zero, which is a property of the code
  and not a small number.

1008 perturbed candidates to score, 0 already in the checkpoint
  100 of 1008  602 s
  200 of 1008  854 s
  300 of 1008  947 s
  400 of 1008  1073 s
  500 of 1008  1308 s
  600 of 1008  1424 s
  700 of 1008  1526 s
  800 of 1008  1625 s
  900 of 1008  1839 s
  1000 of 1008  2095 s
  done in 2110 s

===============================================================================
JITTER. seed displacement sigma / d_mean
===============================================================================
  level      changed  grains   r_pub     sd   rank   1st    r_dv     sd   rank   1st r_field     sd   rank   1st
  0           0.0000   103.5   0.278  0.229    2.0  4.00   0.395  0.234    1.2  6.00   0.162  0.079    2.9  6.00
  0.005       0.0112   103.6   0.273  0.215    2.0  3.67   0.379  0.228    1.2  6.33   0.157  0.080    3.8  6.00
  0.01        0.0212   103.8   0.278  0.231    4.0  3.33   0.406  0.262    1.6  5.67   0.148  0.077    4.2  6.33
  0.02        0.0426   103.8   0.184  0.191    5.8  2.67   0.308  0.214    3.2  6.33   0.140  0.074    4.2  6.33
  0.03        0.0648   103.6   0.153  0.212    6.1  2.00   0.253  0.238    4.2  5.67   0.136  0.078    3.9  6.00
  0.05        0.1047   103.6   0.093  0.228   17.0  0.33   0.114  0.242   16.8  2.67   0.102  0.066    5.4  4.67
  0.1         0.2036   103.5   0.031  0.133   26.2  0.33   0.060  0.168   19.8  2.00   0.045  0.054   13.2  1.67
  0.2         0.3805   102.8   0.004  0.070   23.2  0.33   0.021  0.065   20.4  0.67   0.017  0.042   19.2  0.00
  0.5         0.7028   101.1  -0.006  0.019   27.3  0.00  -0.013  0.052   24.2  0.00   0.004  0.043   22.8  0.67
  3 realisations of each non-zero level on each of the 8
  tessellations. changed is the fraction of the disc volume that
  changes grain identity; sd is the spread of the score over all
  tessellations and realisations, which is large because a
  double-centred field correlation on 30 azimuths has few
  effective degrees of freedom; 1st is how many of the eight
  tessellations still rank first of 48, averaged over
  realisations.
  pub    baseline 4.00 of 8 first.  below 2 of 8 at 0.03.  below 1 at 0.042.  beats the median in fewer than 4 of 8 at 0.08
  dv     baseline 6.00 of 8 first.  below 2 of 8 at 0.1.  below 1 at 0.175.  beats the median in fewer than 4 of 8 at no swept level
  field  baseline 6.00 of 8 first.  below 2 of 8 at 0.09444.  below 1 at 0.14.  beats the median in fewer than 4 of 8 at no swept level

===============================================================================
ORIENT. c-axis rotation rms, degrees
===============================================================================
  level      changed  grains   r_pub     sd   rank   1st    r_dv     sd   rank   1st r_field     sd   rank   1st
  0           0.0000   103.5   0.278  0.229    2.0  4.00   0.395  0.234    1.2  6.00   0.162  0.079    2.9  6.00
  1           0.0000   103.5   0.278  0.218    2.0  4.00   0.395  0.225    1.2  6.00   0.163  0.077    2.9  6.00
  2           0.0000   103.5   0.278  0.218    2.0  4.00   0.399  0.228    1.2  6.33   0.164  0.075    2.8  6.00
  5           0.0000   103.5   0.278  0.218    2.0  4.00   0.379  0.227    1.2  6.00   0.159  0.072    3.0  6.33
  10          0.0000   103.5   0.278  0.218    2.0  4.00   0.314  0.218    2.8  6.00   0.138  0.077    4.7  6.00
  20          0.0000   103.5   0.278  0.218    2.0  4.00   0.282  0.239    5.6  5.33   0.115  0.066    4.7  5.67
  40          0.0000   103.5   0.278  0.218    2.0  4.00   0.202  0.206    5.3  5.00   0.084  0.055    6.6  4.33
  -1          0.0000   103.5   0.278  0.218    2.0  4.00   0.240  0.221    8.2  4.33   0.086  0.067    8.1  3.33
  3 realisations of each non-zero level on each of the 8
  tessellations. changed is the fraction of the disc volume that
  changes grain identity; sd is the spread of the score over all
  tessellations and realisations, which is large because a
  double-centred field correlation on 30 azimuths has few
  effective degrees of freedom; 1st is how many of the eight
  tessellations still rank first of 48, averaged over
  realisations.
  pub    baseline 4.00 of 8 first.  below 2 of 8 at no swept level.  below 1 at no swept level.  beats the median in fewer than 4 of 8 at no swept level
  dv     baseline 6.00 of 8 first.  below 2 of 8 at no swept level.  below 1 at no swept level.  beats the median in fewer than 4 of 8 at no swept level
  field  baseline 6.00 of 8 first.  below 2 of 8 at no swept level.  below 1 at no swept level.  beats the median in fewer than 4 of 8 at no swept level

===============================================================================
MISSING. fraction of grains deleted
===============================================================================
  level      changed  grains   r_pub     sd   rank   1st    r_dv     sd   rank   1st r_field     sd   rank   1st
  0           0.0000   103.5   0.278  0.229    2.0  4.00   0.395  0.234    1.2  6.00   0.162  0.079    2.9  6.00
  0.02        0.0151   101.5   0.277  0.220    2.0  4.00   0.393  0.226    1.2  6.00   0.157  0.082    3.6  5.67
  0.05        0.0481    98.5   0.263  0.216    3.5  3.33   0.370  0.232    2.4  5.67   0.156  0.075    3.0  6.00
  0.1         0.0964    93.4   0.243  0.216    4.8  3.00   0.349  0.224    4.1  6.00   0.129  0.084    5.1  5.33
  0.2         0.2088    82.6   0.187  0.226   11.6  2.33   0.244  0.258    8.9  4.00   0.093  0.067    6.3  3.33
  0.35        0.3449    67.4   0.153  0.207   10.0  2.00   0.207  0.236    9.7  4.00   0.080  0.069    9.0  3.00
  0.5         0.5119    51.8   0.106  0.196   17.9  2.33   0.139  0.225   14.7  2.33   0.043  0.071   15.8  2.67
  3 realisations of each non-zero level on each of the 8
  tessellations. changed is the fraction of the disc volume that
  changes grain identity; sd is the spread of the score over all
  tessellations and realisations, which is large because a
  double-centred field correlation on 30 azimuths has few
  effective degrees of freedom; 1st is how many of the eight
  tessellations still rank first of 48, averaged over
  realisations.
  pub    baseline 4.00 of 8 first.  below 2 of 8 at no swept level.  below 1 at no swept level.  beats the median in fewer than 4 of 8 at no swept level
  dv     baseline 6.00 of 8 first.  below 2 of 8 at no swept level.  below 1 at no swept level.  beats the median in fewer than 4 of 8 at no swept level
  field  baseline 6.00 of 8 first.  below 2 of 8 at no swept level.  below 1 at no swept level.  beats the median in fewer than 4 of 8 at no swept level

===============================================================================
MERGED. fraction merged, larger seed kept
===============================================================================
  level      changed  grains   r_pub     sd   rank   1st    r_dv     sd   rank   1st r_field     sd   rank   1st
  0           0.0000   103.5   0.278  0.229    2.0  4.00   0.395  0.234    1.2  6.00   0.162  0.079    2.9  6.00
  0.02        0.0000   101.5   0.253  0.218    3.6  3.67   0.364  0.228    1.7  5.67   0.150  0.083    4.1  5.67
  0.05        0.0000    98.5   0.279  0.209    2.0  3.33   0.385  0.226    1.2  6.00   0.151  0.075    2.8  5.67
  0.1         0.0000    93.4   0.218  0.210    5.9  2.33   0.306  0.236    1.8  5.67   0.130  0.072    3.9  5.33
  0.2         0.0000    82.6   0.190  0.202    7.0  2.33   0.252  0.238    6.2  4.67   0.103  0.071    6.2  4.67
  0.35        0.0000    67.4   0.162  0.195    8.8  2.00   0.228  0.259    9.5  3.67   0.068  0.058    8.9  3.33
  0.5         0.0000    56.2   0.152  0.241   12.7  1.67   0.234  0.243    7.7  4.33   0.087  0.064    6.2  4.00
  3 realisations of each non-zero level on each of the 8
  tessellations. changed is the fraction of the disc volume that
  changes grain identity; sd is the spread of the score over all
  tessellations and realisations, which is large because a
  double-centred field correlation on 30 azimuths has few
  effective degrees of freedom; 1st is how many of the eight
  tessellations still rank first of 48, averaged over
  realisations.
  pub    baseline 4.00 of 8 first.  below 2 of 8 at 0.35.  below 1 at no swept level.  beats the median in fewer than 4 of 8 at no swept level
  dv     baseline 6.00 of 8 first.  below 2 of 8 at no swept level.  below 1 at no swept level.  beats the median in fewer than 4 of 8 at no swept level
  field  baseline 6.00 of 8 first.  below 2 of 8 at no swept level.  below 1 at no swept level.  beats the median in fewer than 4 of 8 at no swept level

===============================================================================
MERGED_REFIT. fraction merged, seed refitted
===============================================================================
  level      changed  grains   r_pub     sd   rank   1st    r_dv     sd   rank   1st r_field     sd   rank   1st
  0           0.0000   103.5   0.278  0.229    2.0  4.00   0.395  0.234    1.2  6.00   0.162  0.079    2.9  6.00
  0.02        0.0000   101.5   0.255  0.224    3.2  3.33   0.356  0.238    1.9  5.33   0.140  0.081    4.4  6.00
  0.05        0.0000    98.5   0.258  0.224    5.7  3.33   0.353  0.237    3.2  6.00   0.141  0.081    4.4  5.67
  0.1         0.0000    93.4   0.130  0.180   13.6  2.00   0.207  0.237    9.9  4.33   0.105  0.075    6.2  4.33
  0.2         0.0000    82.6   0.073  0.144   15.6  0.33   0.089  0.170   14.0  2.00   0.066  0.065   10.7  3.00
  0.35        0.0000    67.4   0.018  0.066   25.0  0.67   0.037  0.123   21.1  1.67   0.031  0.052   15.5  1.33
  0.5         0.0000    56.2   0.030  0.086   18.8  1.00   0.058  0.116   11.7  1.33   0.056  0.058   11.2  2.33
  3 realisations of each non-zero level on each of the 8
  tessellations. changed is the fraction of the disc volume that
  changes grain identity; sd is the spread of the score over all
  tessellations and realisations, which is large because a
  double-centred field correlation on 30 azimuths has few
  effective degrees of freedom; 1st is how many of the eight
  tessellations still rank first of 48, averaged over
  realisations.
  pub    baseline 4.00 of 8 first.  below 2 of 8 at 0.1.  below 1 at 0.16.  beats the median in fewer than 4 of 8 at 0.3071
  dv     baseline 6.00 of 8 first.  below 2 of 8 at 0.2.  below 1 at no swept level.  beats the median in fewer than 4 of 8 at no swept level
  field  baseline 6.00 of 8 first.  below 2 of 8 at 0.29.  below 1 at no swept level.  beats the median in fewer than 4 of 8 at no swept level

===============================================================================
WEIGHT. relative grain-radius error
===============================================================================
  level      changed  grains   r_pub     sd   rank   1st    r_dv     sd   rank   1st r_field     sd   rank   1st
  0           0.0000   103.5   0.278  0.229    2.0  4.00   0.395  0.234    1.2  6.00   0.162  0.079    2.9  6.00
  0.01        0.0123   103.6   0.270  0.225    4.0  4.00   0.381  0.231    1.2  6.00   0.157  0.083    4.5  6.00
  0.02        0.0253   103.7   0.232  0.192    2.2  3.00   0.350  0.240    1.3  5.67   0.160  0.073    2.8  6.33
  0.05        0.0621   103.5   0.163  0.180    8.3  2.33   0.226  0.219    5.6  4.67   0.143  0.068    2.2  5.67
  0.1         0.1265   103.0   0.113  0.204   19.5  1.33   0.188  0.303   17.4  3.33   0.094  0.075    7.8  4.00
  0.2         0.2483   100.0   0.067  0.174   17.8  1.33   0.105  0.225   17.0  3.67   0.078  0.066    8.8  2.67
  0.4         0.4895    84.5   0.045  0.131   20.5  1.00   0.078  0.223   19.9  1.00   0.024  0.049   19.1  0.67
  0.8         0.9233    16.4  -0.000  0.010   25.6  0.00   0.001  0.010   23.0  0.00  -0.011  0.029   27.6  0.00
  3 realisations of each non-zero level on each of the 8
  tessellations. changed is the fraction of the disc volume that
  changes grain identity; sd is the spread of the score over all
  tessellations and realisations, which is large because a
  double-centred field correlation on 30 azimuths has few
  effective degrees of freedom; 1st is how many of the eight
  tessellations still rank first of 48, averaged over
  realisations.
  pub    baseline 4.00 of 8 first.  below 2 of 8 at 0.06667.  below 1 at 0.4.  beats the median in fewer than 4 of 8 at 0.6667
  dv     baseline 6.00 of 8 first.  below 2 of 8 at 0.325.  below 1 at 0.4.  beats the median in fewer than 4 of 8 at no swept level
  field  baseline 6.00 of 8 first.  below 2 of 8 at 0.2667.  below 1 at 0.3667.  beats the median in fewer than 4 of 8 at 0.6857

===============================================================================
DOES THE SCORE DEPEND ONLY ON HOW MUCH VOLUME CHANGED HANDS?
===============================================================================
  changed-volume bin     0.000-0.010 0.010-0.025 0.025-0.050 0.050-0.090 0.090-0.150 0.150-0.250 0.250-1.010
  r_pub, jitter                0.236       0.283       0.177       0.146       0.098       0.031      -0.001
  n, jitter                        2          45          25          25          23          24          48
  r_pub, missing               0.244       0.258       0.284       0.303       0.216       0.177       0.127
  n, missing                      10          11          15          21          16          22          49
  r_pub, weight                0.490       0.258       0.224       0.139       0.145       0.075       0.019
  n, weight                        2          34          15          21          19          19          58
  A family that sits above the others at the same changed
  fraction is one whose particular way of being wrong the score
  tolerates. Read against the level-0 baseline of 0.278.

===============================================================================
BOUNDARY DISPLACEMENT IN MILLIMETRES
===============================================================================
  seed   A mc 0.15 mm A mc 0.30 mm    A raster   d_mean mm
  11           429.1      420.28      652.67      15.455
  7           419.07      411.49      627.61      15.593
  17           427.5      422.28      657.56      15.258
  23          435.56      429.54      661.02      15.509
  41           430.2      423.65      646.95      15.455
  53          416.41      408.67      631.24      15.612
  71          428.28      416.53      642.59      15.498
  89          435.65      428.55      660.54      15.485
  areas in cm^2. The rasterised face count overestimates the
  smooth area by the usual cubic-grid factor; the Monte Carlo
  estimate is the one used below.

  family    level         changed          mm
  jitter    0              0.0000      0.0000
  jitter    0.005          0.0112      0.0724
  jitter    0.01           0.0212      0.1377
  jitter    0.02           0.0426      0.2761
  jitter    0.03           0.0648      0.4199
  jitter    0.05           0.1047      0.6785
  jitter    0.1            0.2036      1.3202
  jitter    0.2            0.3805      2.4665
  jitter    0.5            0.7028      4.5582
  weight    0              0.0000      0.0000
  weight    0.01           0.0123      0.0800
  weight    0.02           0.0253      0.1643
  weight    0.05           0.0621      0.4031
  weight    0.1            0.1265      0.8201
  weight    0.2            0.2483      1.6105
  weight    0.4            0.4895      3.1727
  weight    0.8            0.9233      5.9879

  ORIENTATION, realised angular error against the requested
  root mean square, degrees
  requested        mean         rms
  -1              57.49       61.38
  0                0.00        0.00
  1                0.88        1.00
  2                1.78        2.00
  5                4.36        4.93
  10               8.91       10.04
  20              17.61       19.85
  40              35.38       39.61

===============================================================================
THRESHOLDS
===============================================================================
  family        score  criterion                level          practitioner  
  jitter        pub    below 2 of 8 first       0.03           0.420 mm      
  jitter        pub    below 1 of 8 first       0.042          0.575 mm      
  jitter        pub    below 4 of 8 vs median   0.08           1.064 mm      
  jitter        dv     below 2 of 8 first       0.1            1.320 mm      
  jitter        dv     below 1 of 8 first       0.175          2.181 mm      
  jitter        dv     below 4 of 8 vs median   no swept level -             
  jitter        field  below 2 of 8 first       0.09444        1.249 mm      
  jitter        field  below 1 of 8 first       0.14           1.779 mm      
  jitter        field  below 4 of 8 vs median   no swept level -             
  orient        pub    below 2 of 8 first       no swept level -             
  orient        pub    below 1 of 8 first       no swept level -             
  orient        pub    below 4 of 8 vs median   no swept level -             
  orient        dv     below 2 of 8 first       no swept level -             
  orient        dv     below 1 of 8 first       no swept level -             
  orient        dv     below 4 of 8 vs median   no swept level -             
  orient        field  below 2 of 8 first       no swept level -             
  orient        field  below 1 of 8 first       no swept level -             
  orient        field  below 4 of 8 vs median   no swept level -             
  missing       pub    below 2 of 8 first       no swept level -             
  missing       pub    below 1 of 8 first       no swept level -             
  missing       pub    below 4 of 8 vs median   no swept level -             
  missing       dv     below 2 of 8 first       no swept level -             
  missing       dv     below 1 of 8 first       no swept level -             
  missing       dv     below 4 of 8 vs median   no swept level -             
  missing       field  below 2 of 8 first       no swept level -             
  missing       field  below 1 of 8 first       no swept level -             
  missing       field  below 4 of 8 vs median   no swept level -             
  merged        pub    below 2 of 8 first       0.35           35% of grains 
  merged        pub    below 1 of 8 first       no swept level -             
  merged        pub    below 4 of 8 vs median   no swept level -             
  merged        dv     below 2 of 8 first       no swept level -             
  merged        dv     below 1 of 8 first       no swept level -             
  merged        dv     below 4 of 8 vs median   no swept level -             
  merged        field  below 2 of 8 first       no swept level -             
  merged        field  below 1 of 8 first       no swept level -             
  merged        field  below 4 of 8 vs median   no swept level -             
  merged_refit  pub    below 2 of 8 first       0.1            10% of grains 
  merged_refit  pub    below 1 of 8 first       0.16           16% of grains 
  merged_refit  pub    below 4 of 8 vs median   0.3071         31% of grains 
  merged_refit  dv     below 2 of 8 first       0.2            20% of grains 
  merged_refit  dv     below 1 of 8 first       no swept level -             
  merged_refit  dv     below 4 of 8 vs median   no swept level -             
  merged_refit  field  below 2 of 8 first       0.29           29% of grains 
  merged_refit  field  below 1 of 8 first       no swept level -             
  merged_refit  field  below 4 of 8 vs median   no swept level -             
  weight        pub    below 2 of 8 first       0.06667        0.542 mm      
  weight        pub    below 1 of 8 first       0.4            3.174 mm      
  weight        pub    below 4 of 8 vs median   0.6667         5.049 mm      
  weight        dv     below 2 of 8 first       0.325          2.587 mm      
  weight        dv     below 1 of 8 first       0.4            3.174 mm      
  weight        dv     below 4 of 8 vs median   no swept level -             
  weight        field  below 2 of 8 first       0.2667         2.131 mm      
  weight        field  below 1 of 8 first       0.3667         2.913 mm      
  weight        field  below 4 of 8 vs median   0.6857         5.183 mm      
  practitioner column: jitter and weight are the boundary
  displacement in mm implied by the changed volume at that
  level, orient is the realised rms c-axis error in degrees,
  missing and merged are the per cent of grains lost.

wrote C:\Users\Jerome\Documents\GitHub\pulse-echo-cof-sim\sim\results\microstructure_error.npz
total 2119 s
