===============================================================================
A. AZIMUTHAL SCALAR. Eq. (facetmodel) integrated over the coda
   gate, harmonics k = 0, 2, 4 stripped from both series.
   30 common azimuths, shift-null floor p = 1/30 = 0.0333
===============================================================================
sweep                seed   r_geom  rank       p   r_full  rank       p
girdle_perp_ppw8       11    0.712     1  0.0333    0.702     1  0.0333
mx_girdle_s7_ppw8       7    0.334     3  0.1000    0.580     2  0.0667
mx_girdle_s17_ppw8     17    0.303     5  0.1667    0.173     7  0.2333
mx_girdle_s23_ppw8     23    0.027    13  0.4333    0.020    13  0.4333
mx_girdle_s41_ppw8     41    0.030    13  0.4333    0.046     9  0.3000
mx_girdle_s53_ppw8     53    0.100     9  0.3000    0.167     8  0.2667
mx_girdle_s71_ppw8     71    0.049    13  0.4333    0.673     1  0.0333
mx_girdle_s89_ppw8     89    0.304     4  0.1333    0.275     4  0.1333

  seed 11 on its native 60 azimuths, against the 0.468 and 0.509 of Sec. 5.2:
    r_geom = 0.465 (rank 1/60), r_full = 0.511 (rank 1/60)

  geometry only  over 8 tessellations: mean +0.232 sd 0.234 range [+0.027,+0.712]
                 seed 11 ranks 1 of 8 by r; 1 of 8 tessellations rank first
                 combined: binomial p = 0.238, Fisher p = 0.0481
                 the 7 FRESH tessellations alone: mean +0.164 sd 0.143; seed 11 sits +3.8 sd above
                 fresh only: 0 of 7 rank first, binomial p = 1, Fisher p = 0.142
                 tessellation as unit: all 8 r = +0.253 p = 0.0197; fresh 7 r = +0.167 p = 0.0119

  full           over 8 tessellations: mean +0.329 sd 0.280 range [+0.020,+0.702]
                 seed 11 ranks 1 of 8 by r; 2 of 8 tessellations rank first
                 combined: binomial p = 0.0272, Fisher p = 0.00813
                 the 7 FRESH tessellations alone: mean +0.276 sd 0.255; seed 11 sits +1.7 sd above
                 fresh only: 1 of 7 rank first, binomial p = 0.211, Fisher p = 0.0268
                 tessellation as unit: all 8 r = +0.363 p = 0.00879; fresh 7 r = +0.300 p = 0.0189

===============================================================================
B. FULL AZIMUTH-BY-TIME FIELD, dB, per-time and per-azimuth
   means removed from both matrices, azimuth circular-shift null
===============================================================================
sweep                seed        r  rank       p
girdle_perp_ppw8       11    0.067     4  0.1333
mx_girdle_s7_ppw8       7    0.176     1  0.0333
mx_girdle_s17_ppw8     17    0.193     1  0.0333
mx_girdle_s23_ppw8     23    0.158     1  0.0333
mx_girdle_s41_ppw8     41    0.205     1  0.0333
mx_girdle_s53_ppw8     53    0.021     7  0.2333
mx_girdle_s71_ppw8     71    0.230     1  0.0333
mx_girdle_s89_ppw8     89    0.248     1  0.0333

  over 8 tessellations: mean +0.162 sd 0.079 range [+0.021,+0.248]
  6 of 8 rank first; binomial p = 3.62e-08, Fisher p = 5.19e-05
  the 7 FRESH tessellations alone: mean +0.176 sd 0.075; seed 11 sits -1.5 sd above
  fresh only: 6 of 7 rank first, binomial p = 9.33e-09, Fisher p = 6.56e-05
  tessellation as unit: all 8 r = +0.163 p = 0.000348; fresh 7 r = +0.177 p = 0.00041

===============================================================================
C. OUT OF SAMPLE. Rows are the tessellation the prediction was
   built from, columns the specimen it is scored against.
   Harmonics k = 0, 2, 4 stripped, so no shared fabric template
   survives in either series.
===============================================================================
pred / meas         11       7      17      23      41      53      71      89
seed 11          0.702  -0.067   0.351  -0.095   0.069  -0.139  -0.158   0.239
seed 7           0.388   0.580  -0.224  -0.039   0.039  -0.318   0.054   0.320
seed 17         -0.300  -0.142   0.173   0.237  -0.145  -0.114  -0.305   0.316
seed 23         -0.110  -0.209  -0.255   0.020   0.098   0.307   0.462  -0.293
seed 41         -0.219  -0.120  -0.209   0.090   0.046  -0.058  -0.176  -0.106
seed 53         -0.135  -0.282  -0.290   0.090   0.094   0.167   0.253  -0.466
seed 71         -0.140   0.201  -0.131  -0.406  -0.047  -0.124   0.673  -0.031
seed 89          0.012  -0.248   0.090  -0.108  -0.061  -0.282  -0.293   0.275

  own tessellation   : mean +0.329 sd 0.280
  wrong tessellation : mean -0.056 sd 0.215 range [-0.466,+0.462]
  separation 1.8 sd of the wrong-tessellation spread

  Read down each column, the specimen's own prediction is the strongest
  of the 8 in 3 of 8 columns, against a chance rate of 1/8 (binomial p = 0.0673). The
  azimuthal scalar on its own therefore does not identify the
  microstructure, whatever its correlation on the right one.

  coda against coda, different tessellations: mean -0.045 sd 0.185 range [-0.603,+0.256]
  Nothing physical is shared between these specimens once the
  fabric harmonics are gone, so this is the common-mode floor
  every cross-tessellation score has to be read against.

===============================================================================
D. IDENTIFICATION against 48 candidate tessellations,
   the 44 of Sec. 5.2 plus the four new girdle seeds. The
   candidate supplies geometry only: range is mapped to time
   with the speed measured from the specimen's own backwall.
   Per-sweep floor p = 1/48 = 0.0208
===============================================================================
sweep                 own    r_own    rank  p_wrong      z   best wrong
girdle_perp_ppw8       11    0.269    1/48   0.0208    6.4   s17  +0.253
mx_girdle_s7_ppw8       7    0.455    1/48   0.0208   11.9   s111 +0.201
mx_girdle_s17_ppw8     17    0.240    2/48   0.0417    3.5   s102 +0.439
mx_girdle_s23_ppw8     23    0.034    3/48   0.0625    1.7   s102 +0.074
mx_girdle_s41_ppw8     41   -0.168   47/48   0.9792   -3.5   s100 +0.039
mx_girdle_s53_ppw8     53    0.055    3/48   0.0625    1.1   s125 +0.298
mx_girdle_s71_ppw8     71    0.029    5/48   0.1042    0.7   s100 +0.154
mx_girdle_s89_ppw8     89    0.467    1/48   0.0208   22.1   s123 +0.031
singlemax_ppw8         11    0.351    2/48   0.0417    4.6   s17  +0.482
mx_single_s17_ppw8     17    0.099    1/48   0.0208    4.4   s102 +0.086
mx_single_s23_ppw8     23   -0.089   48/48   1.0000   -3.3   s118 +0.125
mx_single_s41_ppw8     41    0.080    2/48   0.0417    3.3   s7   +0.085

  The unit of replication is the tessellation, and the eight
  girdle sweeps are eight independent ones.
  correct identifications: 3 of 8 against 48 candidates
  binomial p = P(X >= 3) for X ~ Bin(8, 1/48) = 0.000468
  excluding the development specimen seed 11: 2 of 7, p = 0.0085
  Sec. 5.2 currently states 3 of 4 tessellations against 44 candidates, p = 4.6e-05

  CONTROLS, all on the seed-11 tessellation. The geometry a
  candidate could match is present in every one of these; only
  the acoustic contrast across the boundaries is reduced.
sweep                   r_own    rank  p_wrong      z   note
zerocontrast_ppw8       0.012   12/48   0.2500    0.6   same c-axis in every grain
cs_f000_s11_ppw8       -0.013   42/48   0.8750   -1.2   contrast f = 0.00
cs_f025_s11_ppw8        0.236    2/48   0.0417    3.4   contrast f = 0.25
cs_f050_s11_ppw8        0.259    2/48   0.0417    4.8   contrast f = 0.50
cs_f075_s11_ppw8        0.288    2/48   0.0417    6.2   contrast f = 0.75
girdle_perp_ppw8        0.269    1/48                   contrast f = 1.00, the f = 1 rung
  The score is a double-centred correlation and so is blind to
  level: it is zero at f = 0 and near its final value by
  f = 0.25. Scattered POWER still scales as f^2; what saturates
  is the pattern, which is what identification reads.
