==============================================================================
TWO-WAY REFERENCE AND ECHO-TO-NOISE, present domain size (L = 36 mm, sponge 20)

SSG, n_lambda = 6   (grid 158, h = 0.3208 mm)
tilt            echo    err dB      tx(2d)      G dB      R dB      S dB      ENR   ENRpre dt_pk ns  rho_wf
0         4.2396e-04      0.00  7.5895e-03      0.00    -25.06      0.00     11.0    667.0      0.0   1.000
30        2.2249e-04     -5.60  7.3850e-03     -0.28    -30.42     -5.32     11.0    645.9    131.1   0.924
45        2.9663e-04     -3.10  7.8401e-03      0.19    -28.44     -3.30     53.0   1845.6    129.1   0.968
60        2.5284e-04     -4.49  7.5355e-03     -0.11    -29.49     -4.38      8.4    658.5    159.2   0.918
  largest envelope value anywhere in the differenced record (gate centre 4.565 us):
    tilt 0        4.2396e-04 at 4.452 us   gate holds 1.00 of it
    tilt 30       2.2249e-04 at 4.583 us   gate holds 1.00 of it
    tilt 45       2.9663e-04 at 4.581 us   gate holds 1.00 of it
    tilt 60       2.5284e-04 at 4.611 us   gate holds 1.00 of it
  envelope of the differenced trace, peak in each 0.5 us bin from 0.5 us, dB below the gate peak:
    tilt 0         -56   -62   -66   -69   -72   -66   -32     0    -0   -18   -21   -22   -21
    tilt 30        -56   -63   -67   -71   -75   -64   -37    -1     0   -24   -25   -21   -19
    tilt 45        -71   -77   -82   -88   -83   -68   -45    -2     0   -29   -35   -34   -33
    tilt 60        -56   -63   -67   -70   -73   -66   -39    -2     0   -18   -19   -18   -18
  amplitude x range along the beam (should be flat if 1/r):
    tilt 0        r = [ 4.17  8.02 11.87 16.04] mm   A*r = [1.0193 1.0107 1.0057 1.    ]
    tilt 30       r = [ 4.02  8.2  11.94 15.96] mm   A*r = [1.0041 1.007  1.0042 1.    ]
    tilt 45       r = [ 4.08  8.17 12.25 15.88] mm   A*r = [1.0053 1.0012 1.0002 1.    ]
    tilt 60       r = [ 4.02  8.2  11.94 15.96] mm   A*r = [1.0039 1.0068 1.0045 1.    ]
  G at each range separately, dB vs tilt 0. Four independent receiver cells: a single-cell sampling accident cannot
  reproduce itself at all four, and a value already large at the nearest range is injection, not accumulated propagation.
    tilt         r=4.2 mm    r=8.0 mm   r=11.9 mm   r=16.0 mm
    0                0.00        0.00        0.00        0.00
    30              -0.41       -0.31       -0.30       -0.28
    45               0.07        0.11        0.15        0.19
    60              -0.24       -0.14       -0.12       -0.11
  mean |error| over [30.0, 45.0] = 4.35 dB, mean |S| = 4.31 dB

SSG, n_lambda = 8   (grid 196, h = 0.2406 mm)
tilt            echo    err dB      tx(2d)      G dB      R dB      S dB      ENR   ENRpre dt_pk ns  rho_wf
0         2.0242e-04      0.00  4.4439e-03      0.00    -26.83      0.00     63.7   1538.8      0.0   1.000
30        1.3558e-04     -3.48  4.2822e-03     -0.34    -29.99     -3.14     18.6   1261.6    100.2   0.975
45        1.6168e-04     -1.95  4.3961e-03     -0.03    -28.69     -1.92    143.3   1612.0     73.9   0.987
60        1.5096e-04     -2.55  4.3676e-03     -0.17    -29.23     -2.38     16.6   1649.3    125.0   0.977
  largest envelope value anywhere in the differenced record (gate centre 4.525 us):
    tilt 0        2.0242e-04 at 4.431 us   gate holds 1.00 of it
    tilt 30       1.3558e-04 at 4.531 us   gate holds 1.00 of it
    tilt 45       1.6168e-04 at 4.504 us   gate holds 1.00 of it
    tilt 60       1.5096e-04 at 4.556 us   gate holds 1.00 of it
  envelope of the differenced trace, peak in each 0.5 us bin from 0.5 us, dB below the gate peak:
    tilt 0         -67   -72   -76   -78   -77   -66   -33     0    -1   -37   -50   -42   -35
    tilt 30        -66   -70   -73   -77   -76   -64   -35    -0     0   -29   -28   -30   -22
    tilt 45        -80   -86   -91   -91   -80   -65   -37    -0     0   -36   -65   -51   -43
    tilt 60        -67   -72   -77   -82   -81   -65   -38    -1     0   -26   -26   -24   -30
  amplitude x range along the beam (should be flat if 1/r):
    tilt 0        r = [ 3.85  7.94 12.03 15.88] mm   A*r = [1.0057 1.0021 1.0007 1.    ]
    tilt 30       r = [ 3.88  7.97 11.97 15.85] mm   A*r = [1.0009 0.9988 1.0007 1.    ]
    tilt 45       r = [ 4.08  7.83 11.91 15.99] mm   A*r = [1.0021 1.0002 1.0006 1.    ]
    tilt 60       r = [ 3.88  7.97 11.97 15.85] mm   A*r = [1.0019 0.9992 1.0007 1.    ]
  G at each range separately, dB vs tilt 0. Four independent receiver cells: a single-cell sampling accident cannot
  reproduce itself at all four, and a value already large at the nearest range is injection, not accumulated propagation.
    tilt         r=3.8 mm    r=7.9 mm   r=12.0 mm   r=15.9 mm
    0                0.00        0.00        0.00        0.00
    30              -0.38       -0.37       -0.34       -0.34
    45              -0.06       -0.05       -0.03       -0.03
    60              -0.20       -0.19       -0.17       -0.17
  mean |error| over [30.0, 45.0] = 2.72 dB, mean |S| = 2.53 dB

SSG, n_lambda = 10   (grid 233, h = 0.1925 mm)
tilt            echo    err dB      tx(2d)      G dB      R dB      S dB      ENR   ENRpre dt_pk ns  rho_wf
0         1.1536e-04      0.00  2.8356e-03      0.00    -27.81      0.00    128.3   1090.2      0.0   1.000
30        8.4936e-05     -2.66  2.7401e-03     -0.31    -30.17     -2.35     47.2   1375.0     42.8   0.990
45        1.0077e-04     -1.17  2.8083e-03     -0.04    -28.90     -1.14    192.8   1632.6      0.4   0.997
60        9.2794e-05     -1.89  2.7792e-03     -0.14    -29.53     -1.75     37.2    623.4     23.5   0.992
  largest envelope value anywhere in the differenced record (gate centre 4.549 us):
    tilt 0        1.1536e-04 at 4.530 us   gate holds 1.00 of it
    tilt 30       8.4936e-05 at 4.572 us   gate holds 1.00 of it
    tilt 45       1.0077e-04 at 4.530 us   gate holds 1.00 of it
    tilt 60       9.2794e-05 at 4.553 us   gate holds 1.00 of it
  envelope of the differenced trace, peak in each 0.5 us bin from 0.5 us, dB below the gate peak:
    tilt 0         -61   -67   -71   -74   -76   -67   -43    -0     0   -34   -62   -55   -33
    tilt 30        -63   -69   -73   -78   -82   -65   -40    -1     0   -23   -32   -35   -32
    tilt 45        -94   -98   -99   -89   -79   -66   -40    -0     0   -33   -64   -59   -45
    tilt 60        -56   -62   -67   -71   -76   -65   -39    -1     0   -31   -31   -32   -27
  amplitude x range along the beam (should be flat if 1/r):
    tilt 0        r = [ 4.04  8.09 11.94 15.98] mm   A*r = [1.0035 1.0006 1.0004 1.    ]
    tilt 30       r = [ 3.96  8.02 11.99 15.95] mm   A*r = [1.0013 1.001  1.0002 1.    ]
    tilt 45       r = [ 4.08  7.89 11.98 16.06] mm   A*r = [1.0024 1.0005 1.0003 1.    ]
    tilt 60       r = [ 3.96  8.02 11.99 16.05] mm   A*r = [1.0011 1.0009 1.0001 1.    ]
  G at each range separately, dB vs tilt 0. Four independent receiver cells: a single-cell sampling accident cannot
  reproduce itself at all four, and a value already large at the nearest range is injection, not accumulated propagation.
    tilt         r=4.0 mm    r=8.1 mm   r=11.9 mm   r=16.0 mm
    0                0.00        0.00        0.00        0.00
    30              -0.33       -0.31       -0.31       -0.31
    45              -0.05       -0.04       -0.04       -0.04
    60              -0.16       -0.14       -0.14       -0.14
  mean |error| over [30.0, 45.0] = 1.92 dB, mean |S| = 1.74 dB

RSG, n_lambda = 6   (grid 158, h = 0.3208 mm)
tilt            echo    err dB      tx(2d)      G dB      R dB      S dB      ENR   ENRpre dt_pk ns  rho_wf
0         1.1598e-11      0.00  1.2226e-09      0.00    -40.46      0.00      1.4    308.8      0.0   1.000
30        7.5145e-12     -3.77  3.3496e-10    -11.29    -32.98      7.52      0.9     97.0    129.8   0.733
45        1.9565e-11      4.54  4.7233e-10     -8.35    -27.66     12.89      1.0     92.7   -267.0   0.654
60        7.4160e-12     -3.88  3.3404e-10    -11.31    -33.07      7.43      0.8     50.7    181.4   0.797
  largest envelope value anywhere in the differenced record (gate centre 4.565 us):
    tilt 0        1.1598e-11 at 4.807 us   gate holds 1.00 of it
    tilt 30       8.7438e-12 at 6.055 us   gate holds 0.86 of it
    tilt 45       1.9565e-11 at 4.540 us   gate holds 1.00 of it
    tilt 60       8.8206e-12 at 5.601 us   gate holds 0.84 of it
  envelope of the differenced trace, peak in each 0.5 us bin from 0.5 us, dB below the gate peak:
    tilt 0         -50   -56   -60   -63   -65   -58   -37   -11     0    -3    -3    -6   -12
    tilt 30        -40   -48   -52   -56   -60   -57   -40    -9     0    -0     1     1    -4
    tilt 45        -39   -46   -50   -54   -57   -52   -36    -0     0    -1    -0    -2    -9
    tilt 60        -34   -39   -43   -47   -52   -60   -44    -9     0     0     2    -1    -3
  amplitude x range along the beam (should be flat if 1/r):
    tilt 0        r = [ 4.17  8.02 11.87 16.04] mm   A*r = [0.7262 0.9289 1.0519 1.    ]
    tilt 30       r = [ 4.02  8.2  11.94 15.96] mm   A*r = [0.8608 1.1787 1.2965 1.    ]
    tilt 45       r = [ 4.08  8.17 12.25 15.88] mm   A*r = [0.763  0.8762 0.949  1.    ]
    tilt 60       r = [ 4.02  8.2  11.94 15.96] mm   A*r = [0.8668 1.1819 1.3    1.    ]
  G at each range separately, dB vs tilt 0. Four independent receiver cells: a single-cell sampling accident cannot
  reproduce itself at all four, and a value already large at the nearest range is injection, not accumulated propagation.
    tilt         r=4.2 mm    r=8.0 mm   r=11.9 mm   r=16.0 mm
    0                0.00        0.00        0.00        0.00
    30              -9.81       -9.22       -9.47      -11.29
    45              -7.92       -8.86       -9.24       -8.35
    60              -9.78       -9.22       -9.48      -11.31
  mean |error| over [30.0, 45.0] = 4.16 dB, mean |S| = 10.21 dB

RSG, n_lambda = 8   (grid 196, h = 0.2406 mm)
tilt            echo    err dB      tx(2d)      G dB      R dB      S dB      ENR   ENRpre dt_pk ns  rho_wf
0         5.5503e-12      0.00  8.6134e-10      0.00    -43.82      0.00      8.7    581.9      0.0   1.000
45        1.8018e-11     10.23  3.5565e-10     -7.62    -25.91     17.85      7.2    630.1    -90.9   0.950
  largest envelope value anywhere in the differenced record (gate centre 4.525 us):
    tilt 0        5.5503e-12 at 4.667 us   gate holds 1.00 of it
    tilt 45       1.8018e-11 at 4.576 us   gate holds 1.00 of it
  envelope of the differenced trace, peak in each 0.5 us bin from 0.5 us, dB below the gate peak:
    tilt 0         -61   -65   -68   -70   -67   -56   -34    -8     0   -14   -19   -21   -19
    tilt 45        -65   -72   -77   -81   -70   -57   -32    -1     0   -13   -17   -18   -18
  amplitude x range along the beam (should be flat if 1/r):
    tilt 0        r = [ 3.85  7.94 12.03 15.88] mm   A*r = [0.6026 0.8413 0.8871 1.    ]
    tilt 45       r = [ 4.08  7.83 11.91 15.99] mm   A*r = [0.6916 0.8147 0.9167 1.    ]
  G at each range separately, dB vs tilt 0. Four independent receiver cells: a single-cell sampling accident cannot
  reproduce itself at all four, and a value already large at the nearest range is injection, not accumulated propagation.
    tilt         r=3.8 mm    r=7.9 mm   r=12.0 mm   r=15.9 mm
    0                0.00        0.00        0.00        0.00
    45              -6.42       -7.90       -7.34       -7.62
  mean |error| over [45.0] = 10.23 dB, mean |S| = 17.85 dB

RSG, n_lambda = 10   (grid 233, h = 0.1925 mm)
tilt            echo    err dB      tx(2d)      G dB      R dB      S dB      ENR   ENRpre dt_pk ns  rho_wf
0         3.6783e-12      0.00  6.4859e-10      0.00    -44.93      0.00     98.8    731.9      0.0   1.000
45        1.1589e-11      9.97  2.6453e-10     -7.74    -27.17     17.71     29.4    622.7   -172.2   0.983
  largest envelope value anywhere in the differenced record (gate centre 4.549 us):
    tilt 0        3.6783e-12 at 4.737 us   gate holds 1.00 of it
    tilt 45       1.1589e-11 at 4.565 us   gate holds 1.00 of it
  envelope of the differenced trace, peak in each 0.5 us bin from 0.5 us, dB below the gate peak:
    tilt 0         -57   -63   -66   -69   -68   -59   -41   -12     0   -11   -41   -43   -36
    tilt 45        -63   -70   -76   -82   -71   -58   -35    -1     0   -22   -28   -30   -31
  amplitude x range along the beam (should be flat if 1/r):
    tilt 0        r = [ 4.04  8.09 11.94 15.98] mm   A*r = [0.5769 0.7199 0.8343 1.    ]
    tilt 45       r = [ 4.08  7.89 11.98 16.06] mm   A*r = [0.6442 0.7882 0.9044 1.    ]
  G at each range separately, dB vs tilt 0. Four independent receiver cells: a single-cell sampling accident cannot
  reproduce itself at all four, and a value already large at the nearest range is injection, not accumulated propagation.
    tilt         r=4.0 mm    r=8.1 mm   r=11.9 mm   r=16.0 mm
    0                0.00        0.00        0.00        0.00
    45              -6.78       -6.96       -7.04       -7.74
  mean |error| over [45.0] = 9.97 dB, mean |S| = 17.71 dB

CONVERGENCE OF THE TWO PARTS, tilts common to all resolutions
scheme tilt          ppw6      ppw8     ppw10     trend
ssg    30           -5.60     -3.48     -2.66   err
ssg    30           -0.28     -0.34     -0.31   G
ssg    30           -5.32     -3.14     -2.35   S
ssg    30          -30.42    -29.99    -30.17   R
ssg    45           -3.10     -1.95     -1.17   err
ssg    45            0.19     -0.03     -0.04   G
ssg    45           -3.30     -1.92     -1.14   S
ssg    45          -28.44    -28.69    -28.90   R
ssg    60           -4.49     -2.55     -1.89   err
ssg    60           -0.11     -0.17     -0.14   G
ssg    60           -4.38     -2.38     -1.75   S
ssg    60          -29.49    -29.23    -29.53   R
ssg    30            11.0      18.6      47.2   ENR
ssg    45            53.0     143.3     192.8   ENR
ssg    60             8.4      16.6      37.2   ENR
rsg    45            4.54     10.23      9.97   err
rsg    45           -8.35     -7.62     -7.74   G
rsg    45           12.89     17.85     17.71   S
rsg    45          -27.66    -25.91    -27.17   R
rsg    45             1.0       7.2      29.4   ENR
