==============================================================================
GREEN-FUNCTION PROBE REPORT
The isotropic arc is the decisive one: it must be flat.

------------------------------------------------------------------------------
SSG iso ppw4   N 121  h 0.4813 mm  dt 25.3897 ns
  SSG iso ppw4 arc, dB and ns against 0 deg (radius-corrected)
      angle   peak dB energy dB  dt peak ns       v m/s
        0.0      0.00      0.00        -6.0      4052.0
        5.0      0.04      0.01         3.2      4042.5
       10.0      0.20      0.11       -19.6      4065.7
       15.0      0.48      0.28        -9.3      4055.4
       20.0      0.76      0.42       -18.7      4065.3
       25.0      1.18      0.64       -18.6      4065.0
       30.0      1.64      0.82       -53.8      4101.0
       35.0      2.01      0.95       -58.6      4107.1
       40.0      2.57      1.08       -65.9      4115.6
       45.0      2.86      1.28       -67.2      4114.2
       50.0      2.57      1.08       -65.9      4115.6
       55.0      2.01      0.95       -58.6      4107.1
       60.0      1.64      0.82       -53.8      4101.0
       65.0      1.18      0.64       -18.6      4065.0
       70.0      0.76      0.42       -18.7      4065.3
       75.0      0.48      0.28        -9.3      4055.4
       80.0      0.20      0.11       -19.6      4065.7
       85.0      0.04      0.01         3.2      4042.5
       90.0      0.00      0.00        -6.0      4052.0
    peak-to-peak: 2.86 dB (peak)  1.28 dB (energy)  70.4 ns (time)
  SSG iso ppw4 rays, amplitude x radius normalised at the arc radius (flat = 1/r)
       0.00 deg  r = [ 3.85  8.18 12.03 15.88] mm   A*r = [1.1297 1.0602 1.0252 1.    ]
      30.00 deg  r = [ 3.88  7.76 12.06 16.18] mm   A*r = [1.0678 1.0226 1.0003 1.    ]
      45.00 deg  r = [ 4.08  8.17 12.25 16.33] mm   A*r = [1.035  1.0191 1.0085 1.    ]
      60.00 deg  r = [ 3.88  7.76 12.06 16.18] mm   A*r = [1.0678 1.0226 1.0003 1.    ]
      90.00 deg  r = [ 3.85  8.18 12.03 15.88] mm   A*r = [1.1297 1.0602 1.0252 1.    ]
  SSG iso ppw4 neighbours nbz of the 0-deg arc cell: [0.02 0.   0.   0.02] dB  (spread 0.02)
  SSG iso ppw4 neighbours nby of the 0-deg arc cell: [0.02 0.   0.   0.02] dB  (spread 0.02)

------------------------------------------------------------------------------
RSG iso ppw4   N 121  h 0.4813 mm  dt 10.1559 ns
  RSG iso ppw4 arc, dB and ns against 0 deg (radius-corrected)
      angle   peak dB energy dB  dt peak ns       v m/s
        0.0      0.00      0.00       105.7      3939.7
        5.0     -4.64     -4.51        89.5      3955.9
       10.0     -7.90     -7.07       203.9      3849.1
       15.0     -9.56     -8.83       137.9      3909.4
       20.0     -7.73     -7.23        57.4      3987.3
       25.0     -8.60     -7.98        62.7      3982.4
       30.0     -9.22     -8.55        63.0      3983.1
       35.0     -9.62     -8.89        73.5      3971.5
       40.0     -9.89     -9.11        76.3      3967.8
       45.0     -9.99     -9.17        75.0      3972.0
       50.0     -9.89     -9.11        76.3      3967.8
       55.0     -9.62     -8.89        73.5      3971.5
       60.0     -9.22     -8.55        63.0      3983.1
       65.0     -8.60     -7.98        62.7      3982.4
       70.0     -7.73     -7.23        57.4      3987.3
       75.0     -9.56     -8.83       137.9      3909.4
       80.0     -7.90     -7.07       203.9      3849.1
       85.0     -4.64     -4.51        89.5      3955.9
       90.0     -0.00     -0.00       105.7      3939.7
    peak-to-peak: 9.99 dB (peak)  9.17 dB (energy)  146.4 ns (time)
  RSG iso ppw4 rays, amplitude x radius normalised at the arc radius (flat = 1/r)
       0.00 deg  r = [ 3.85  8.18 12.03 15.88] mm   A*r = [0.8302 0.831  0.9273 1.    ]
      30.00 deg  r = [ 3.88  7.76 12.06 16.18] mm   A*r = [1.4775 0.9519 0.9858 1.    ]
      45.00 deg  r = [ 4.08  8.17 12.25 16.33] mm   A*r = [1.24   0.9207 0.98   1.    ]
      60.00 deg  r = [ 3.88  7.76 12.06 16.18] mm   A*r = [1.4775 0.9519 0.9858 1.    ]
      90.00 deg  r = [ 3.85  8.18 12.03 15.88] mm   A*r = [0.8302 0.831  0.9273 1.    ]
  RSG iso ppw4 neighbours nbz of the 0-deg arc cell: [ -3.9  -13.58 -13.58  -3.9 ] dB  (spread 9.68)
  RSG iso ppw4 neighbours nby of the 0-deg arc cell: [ -3.9  -13.58 -13.58  -3.9 ] dB  (spread 9.68)

------------------------------------------------------------------------------
SSG ani ppw4   N 121  h 0.4813 mm  dt 25.3897 ns
  SSG ani ppw4 arc, dB and ns against 0 deg (radius-corrected)
      angle   peak dB energy dB  dt peak ns       v m/s
        0.0      0.00      0.00        -6.0      4052.0
        5.0     -0.06     -0.12         3.2      4042.5
       10.0     -0.21     -0.38        31.2      4014.4
       15.0     -0.39     -0.72        66.8      3978.6
       20.0     -0.50     -0.98        82.8      3962.0
       25.0     -0.66     -1.35       108.4      3937.5
       30.0     -0.74     -1.69       149.3      3900.2
       35.0     -0.60     -1.87       169.9      3878.0
       40.0     -0.49     -1.94       188.0      3859.0
       45.0     -0.65     -2.12       212.1      3843.8
       50.0     -1.04     -2.35       213.4      3835.1
       55.0     -1.45     -2.52       220.7      3830.5
       60.0     -1.66     -2.57       225.5      3829.8
       65.0     -1.79     -2.56       209.9      3841.1
       70.0     -1.85     -2.43       209.8      3839.9
       75.0     -1.86     -2.25       193.8      3856.8
       80.0     -1.85     -2.07       183.6      3867.9
       85.0     -1.77     -1.88       155.6      3892.2
       90.0     -1.75     -1.72       146.4      3900.4
    peak-to-peak: 1.86 dB (peak)  2.57 dB (energy)  231.5 ns (time)
  SSG ani ppw4 rays, amplitude x radius normalised at the arc radius (flat = 1/r)
       0.00 deg  r = [ 3.85  8.18 12.03 15.88] mm   A*r = [1.1294 1.0616 1.0254 1.    ]
      30.00 deg  r = [ 3.88  7.76 12.06 16.18] mm   A*r = [1.0985 1.0496 1.0166 1.    ]
      45.00 deg  r = [ 4.08  8.17 12.25 16.33] mm   A*r = [1.0513 1.0295 1.0105 1.    ]
      60.00 deg  r = [ 3.88  7.76 12.06 16.18] mm   A*r = [1.096  1.0414 1.0133 1.    ]
      90.00 deg  r = [ 3.85  8.18 12.03 15.88] mm   A*r = [1.1398 1.0673 1.0284 1.    ]
  SSG ani ppw4 neighbours nbz of the 0-deg arc cell: [-0.03 -0.01 -0.01 -0.03] dB  (spread 0.03)
  SSG ani ppw4 neighbours nby of the 0-deg arc cell: [-0.03 -0.01 -0.01 -0.03] dB  (spread 0.03)

------------------------------------------------------------------------------
RSG ani ppw4   N 121  h 0.4813 mm  dt 10.1559 ns
  RSG ani ppw4 arc, dB and ns against 0 deg (radius-corrected)
      angle   peak dB energy dB  dt peak ns       v m/s
        0.0      0.00      0.00       247.9      3805.5
        5.0     -7.67     -9.55       485.6      3602.0
       10.0     -8.63     -8.04       244.5      3812.2
       15.0    -10.41    -10.52       351.2      3715.8
       20.0    -14.95    -14.16       219.9      3830.5
       25.0    -15.25    -14.95       255.6      3799.2
       30.0    -15.54    -15.55       286.4      3775.4
       35.0    -15.48    -15.71       327.4      3734.5
       40.0    -15.33    -15.73       350.5      3710.9
       45.0    -15.18    -15.72       369.5      3706.5
       50.0    -14.81    -15.19       360.7      3702.0
       55.0    -14.34    -14.57       337.5      3725.6
       60.0    -13.73    -13.67       327.0      3739.9
       65.0    -12.84    -12.23       296.3      3762.7
       70.0    -11.84    -10.83       250.4      3802.5
       75.0    -15.34    -14.55        87.2      3958.6
       80.0    -12.52    -12.30        21.1      4024.6
       85.0     -7.86     -7.75        79.4      3965.9
       90.0     -7.72     -7.23        65.1      3979.8
    peak-to-peak: 15.54 dB (peak)  15.73 dB (energy)  464.6 ns (time)
  RSG ani ppw4 rays, amplitude x radius normalised at the arc radius (flat = 1/r)
       0.00 deg  r = [ 3.85  8.18 12.03 15.88] mm   A*r = [0.5909 0.8203 0.9391 1.    ]
      30.00 deg  r = [ 3.88  7.76 12.06 16.18] mm   A*r = [2.3931 1.0219 1.0518 1.    ]
      45.00 deg  r = [ 4.08  8.17 12.25 16.33] mm   A*r = [1.473  1.0267 0.9803 1.    ]
      60.00 deg  r = [ 3.88  7.76 12.06 16.18] mm   A*r = [1.3557 0.9192 1.0103 1.    ]
      90.00 deg  r = [ 3.85  8.18 12.03 15.88] mm   A*r = [1.539  1.1054 1.0816 1.    ]
  RSG ani ppw4 neighbours nbz of the 0-deg arc cell: [ -2.82 -12.37 -12.37  -2.82] dB  (spread 9.56)
  RSG ani ppw4 neighbours nby of the 0-deg arc cell: [ -2.82 -12.37 -12.37  -2.82] dB  (spread 9.56)

------------------------------------------------------------------------------
SSG iso ppw6   N 158  h 0.3208 mm  dt 16.9265 ns
  SSG iso ppw6 arc, dB and ns against 0 deg (radius-corrected)
      angle   peak dB energy dB  dt peak ns       v m/s
        0.0      0.00      0.00       -45.6      4092.9
        5.0      0.01     -0.00       -41.4      4088.3
       10.0      0.04      0.00       -48.3      4095.8
       15.0      0.09      0.00       -41.1      4088.4
       20.0      0.14      0.01       -44.0      4091.3
       25.0      0.19      0.02       -52.4      4100.4
       30.0      0.22      0.02       -41.9      4089.2
       35.0      0.23      0.02       -46.1      4093.2
       40.0      0.22      0.02       -54.0      4102.1
       45.0      0.22      0.02       -56.6      4105.0
       50.0      0.22      0.02       -54.0      4102.1
       55.0      0.23      0.02       -46.1      4093.2
       60.0      0.22      0.02       -41.9      4089.2
       65.0      0.19      0.02       -52.4      4100.4
       70.0      0.14      0.01       -44.0      4091.3
       75.0      0.09      0.00       -41.1      4088.4
       80.0      0.04      0.00       -48.3      4095.8
       85.0      0.01     -0.00       -41.4      4088.3
       90.0     -0.00     -0.00       -45.6      4092.9
    peak-to-peak: 0.23 dB (peak)  0.02 dB (energy)  15.5 ns (time)
  SSG iso ppw6 rays, amplitude x radius normalised at the arc radius (flat = 1/r)
       0.00 deg  r = [ 3.85  8.02 11.87 16.04] mm   A*r = [1.0186 1.0108 1.006  1.    ]
      30.00 deg  r = [ 4.02  8.04 11.94 15.96] mm   A*r = [1.0075 1.0055 1.0032 1.    ]
      45.00 deg  r = [ 4.08  8.17 11.8  15.88] mm   A*r = [1.009  1.0066 1.0041 1.    ]
      60.00 deg  r = [ 4.02  8.04 11.94 15.96] mm   A*r = [1.0075 1.0055 1.0032 1.    ]
      90.00 deg  r = [ 3.85  8.02 11.87 16.04] mm   A*r = [1.0186 1.0108 1.006  1.    ]
  SSG iso ppw6 neighbours nbz of the 0-deg arc cell: [ 0. -0. -0.  0.] dB  (spread 0.01)
  SSG iso ppw6 neighbours nby of the 0-deg arc cell: [ 0. -0. -0.  0.] dB  (spread 0.01)

------------------------------------------------------------------------------
RSG iso ppw6   N 158  h 0.3208 mm  dt 6.7706 ns
  RSG iso ppw6 arc, dB and ns against 0 deg (radius-corrected)
      angle   peak dB energy dB  dt peak ns       v m/s
        0.0      0.00      0.00        11.9      4033.7
        5.0     -6.35     -6.51       -14.3      4060.4
       10.0     -6.51     -6.35         5.9      4039.8
       15.0     -8.61     -8.03        60.5      3984.7
       20.0     -7.68     -7.24        13.5      4032.1
       25.0     -8.23     -7.66        18.7      4026.7
       30.0     -8.65     -7.98        19.0      4026.4
       35.0     -8.92     -8.19        21.6      4024.0
       40.0     -9.11     -8.34        23.8      4021.5
       45.0     -9.18     -8.40        24.7      4020.5
       50.0     -9.11     -8.34        23.8      4021.5
       55.0     -8.92     -8.19        21.6      4024.0
       60.0     -8.65     -7.98        19.0      4026.4
       65.0     -8.23     -7.66        18.7      4026.7
       70.0     -7.68     -7.24        13.5      4032.1
       75.0     -8.61     -8.03        60.5      3984.7
       80.0     -6.51     -6.35         5.9      4039.8
       85.0     -6.35     -6.51       -14.3      4060.4
       90.0     -0.00      0.00        11.9      4033.7
    peak-to-peak: 9.18 dB (peak)  8.40 dB (energy)  74.8 ns (time)
  RSG iso ppw6 rays, amplitude x radius normalised at the arc radius (flat = 1/r)
       0.00 deg  r = [ 3.85  8.02 11.87 16.04] mm   A*r = [0.6411 0.7334 0.8366 1.    ]
      30.00 deg  r = [ 4.02  8.04 11.94 15.96] mm   A*r = [0.5296 0.8679 0.7666 1.    ]
      45.00 deg  r = [ 4.08  8.17 11.8  15.88] mm   A*r = [0.8112 0.8641 0.9357 1.    ]
      60.00 deg  r = [ 4.02  8.04 11.94 15.96] mm   A*r = [0.5296 0.8679 0.7666 1.    ]
      90.00 deg  r = [ 3.85  8.02 11.87 16.04] mm   A*r = [0.6411 0.7334 0.8366 1.    ]
  RSG iso ppw6 neighbours nbz of the 0-deg arc cell: [ -3.83 -14.71 -14.71  -3.83] dB  (spread 10.88)
  RSG iso ppw6 neighbours nby of the 0-deg arc cell: [ -3.83 -14.71 -14.71  -3.83] dB  (spread 10.88)

------------------------------------------------------------------------------
SSG ani ppw6   N 158  h 0.3208 mm  dt 16.9265 ns
  SSG ani ppw6 arc, dB and ns against 0 deg (radius-corrected)
      angle   peak dB energy dB  dt peak ns       v m/s
        0.0      0.00      0.00       -45.6      4092.9
        5.0     -0.11     -0.11       -24.5      4070.8
       10.0     -0.48     -0.53         2.5      4043.2
       15.0     -0.90     -1.00        26.6      4018.7
       20.0     -1.36     -1.51        57.5      3987.9
       25.0     -1.84     -2.04        99.9      3945.7
       30.0     -2.26     -2.51       144.3      3903.0
       35.0     -2.61     -2.90       173.9      3876.5
       40.0     -2.84     -3.14       199.9      3850.5
       45.0     -2.96     -3.28       214.3      3836.4
       50.0     -3.00     -3.30       233.7      3819.2
       55.0     -2.93     -3.23       224.7      3829.7
       60.0     -2.77     -3.05       212.0      3839.4
       65.0     -2.54     -2.76       201.5      3848.9
       70.0     -2.25     -2.40       176.0      3873.8
       75.0     -1.97     -2.03       162.0      3886.1
       80.0     -1.68     -1.69       137.9      3909.3
       85.0     -1.43     -1.37       127.9      3919.8
       90.0     -1.36     -1.29       106.7      3939.8
    peak-to-peak: 3.00 dB (peak)  3.30 dB (energy)  279.4 ns (time)
  SSG ani ppw6 rays, amplitude x radius normalised at the arc radius (flat = 1/r)
       0.00 deg  r = [ 3.85  8.02 11.87 16.04] mm   A*r = [1.0217 1.0107 1.0057 1.    ]
      30.00 deg  r = [ 4.02  8.04 11.94 15.96] mm   A*r = [1.0223 1.0192 0.9983 1.    ]
      45.00 deg  r = [ 4.08  8.17 11.8  15.88] mm   A*r = [1.0109 1.0075 1.0044 1.    ]
      60.00 deg  r = [ 4.02  8.04 11.94 15.96] mm   A*r = [1.0189 1.0144 1.0007 1.    ]
      90.00 deg  r = [ 3.85  8.02 11.87 16.04] mm   A*r = [1.0243 1.0143 1.0072 1.    ]
  SSG ani ppw6 neighbours nbz of the 0-deg arc cell: [-0.02 -0.01 -0.01 -0.02] dB  (spread 0.02)
  SSG ani ppw6 neighbours nby of the 0-deg arc cell: [-0.02 -0.01 -0.01 -0.02] dB  (spread 0.02)

------------------------------------------------------------------------------
RSG ani ppw6   N 158  h 0.3208 mm  dt 6.7706 ns
  RSG ani ppw6 arc, dB and ns against 0 deg (radius-corrected)
      angle   peak dB energy dB  dt peak ns       v m/s
        0.0      0.00      0.00       208.3      3843.9
        5.0     -8.28     -8.31       195.6      3856.2
       10.0     -9.30     -8.44       242.9      3811.5
       15.0     -7.11     -6.68       223.0      3829.3
       20.0    -11.46    -10.38       243.7      3811.5
       25.0    -11.84    -11.02       248.9      3805.3
       30.0    -11.84    -11.29       269.6      3787.0
       35.0    -11.70    -11.39       285.6      3775.0
       40.0    -11.52    -11.21       301.4      3758.3
       45.0    -11.23    -10.89       302.3      3756.5
       50.0    -10.84    -10.43       301.4      3758.3
       55.0    -10.40     -9.86       285.6      3775.0
       60.0     -9.99     -9.18       262.8      3793.1
       65.0     -9.40     -8.60       221.8      3830.1
       70.0     -8.72     -7.96       182.8      3867.5
       75.0    -10.14     -9.64        74.0      3971.3
       80.0     -7.09     -6.45        93.9      3951.9
       85.0     -5.97     -5.57        60.2      3985.5
       90.0     -4.60     -3.76        79.6      3966.2
    peak-to-peak: 11.84 dB (peak)  11.39 dB (energy)  242.1 ns (time)
  RSG ani ppw6 rays, amplitude x radius normalised at the arc radius (flat = 1/r)
       0.00 deg  r = [ 3.85  8.02 11.87 16.04] mm   A*r = [0.6483 0.9289 1.0519 1.    ]
      30.00 deg  r = [ 4.02  8.04 11.94 15.96] mm   A*r = [0.7518 0.9605 1.0666 1.    ]
      45.00 deg  r = [ 4.08  8.17 11.8  15.88] mm   A*r = [0.9026 0.8744 0.9433 1.    ]
      60.00 deg  r = [ 4.02  8.04 11.94 15.96] mm   A*r = [0.4364 0.8816 0.6071 1.    ]
      90.00 deg  r = [ 3.85  8.02 11.87 16.04] mm   A*r = [1.1136 0.9728 0.9165 1.    ]
  RSG ani ppw6 neighbours nbz of the 0-deg arc cell: [ -4.5  -12.69 -12.69  -4.5 ] dB  (spread 8.18)
  RSG ani ppw6 neighbours nby of the 0-deg arc cell: [ -4.5  -12.69 -12.69  -4.5 ] dB  (spread 8.18)

------------------------------------------------------------------------------
SSG iso ppw10   N 233  h 0.1925 mm  dt 10.1559 ns
  SSG iso ppw10 arc, dB and ns against 0 deg (radius-corrected)
      angle   peak dB energy dB  dt peak ns       v m/s
        0.0      0.00      0.00       -19.6      4066.0
        5.0     -0.00     -0.00       -23.5      4069.9
       10.0     -0.00     -0.00       -18.3      4064.6
       15.0     -0.00     -0.00       -18.2      4064.5
       20.0     -0.00     -0.00       -23.8      4070.3
       25.0     -0.00     -0.00       -18.6      4065.0
       30.0      0.00     -0.00       -26.3      4072.9
       35.0      0.00      0.00       -20.6      4067.0
       40.0      0.01      0.00       -24.2      4070.7
       45.0      0.01      0.00       -20.2      4066.5
       50.0      0.01      0.00       -24.2      4070.7
       55.0      0.00      0.00       -20.6      4067.0
       60.0      0.00     -0.00       -26.3      4072.9
       65.0     -0.00     -0.00       -18.6      4065.0
       70.0     -0.00     -0.00       -23.8      4070.3
       75.0     -0.00     -0.00       -18.2      4064.5
       80.0     -0.00     -0.00       -18.3      4064.6
       85.0     -0.00     -0.00       -23.5      4069.9
       90.0      0.00     -0.00       -19.6      4066.0
    peak-to-peak: 0.01 dB (peak)  0.01 dB (energy)  8.2 ns (time)
  SSG iso ppw10 rays, amplitude x radius normalised at the arc radius (flat = 1/r)
       0.00 deg  r = [ 4.04  8.09 11.94 15.98] mm   A*r = [1.0005 1.0004 1.0005 1.    ]
      30.00 deg  r = [ 3.96  8.02 11.99 16.05] mm   A*r = [1.0006 1.0008 1.0005 1.    ]
      45.00 deg  r = [ 4.08  7.89 11.98 16.06] mm   A*r = [1.0003 1.0007 1.0004 1.    ]
      60.00 deg  r = [ 3.96  8.02 11.99 16.05] mm   A*r = [1.0006 1.0008 1.0005 1.    ]
      90.00 deg  r = [ 4.04  8.09 11.94 15.98] mm   A*r = [1.0005 1.0004 1.0005 1.    ]
  SSG iso ppw10 neighbours nbz of the 0-deg arc cell: [0. 0. 0. 0.] dB  (spread 0.00)
  SSG iso ppw10 neighbours nby of the 0-deg arc cell: [0. 0. 0. 0.] dB  (spread 0.00)

------------------------------------------------------------------------------
RSG iso ppw10   N 233  h 0.1925 mm  dt 4.0624 ns
  RSG iso ppw10 arc, dB and ns against 0 deg (radius-corrected)
      angle   peak dB energy dB  dt peak ns       v m/s
        0.0      0.00      0.00         4.8      4040.9
        5.0     -5.31     -4.96        11.0      4034.6
       10.0     -5.72     -5.69        -0.1      4045.9
       15.0     -6.06     -5.99        -1.9      4047.8
       20.0     -6.31     -6.20        -1.4      4047.3
       25.0     -6.57     -6.42        -0.3      4046.1
       30.0     -6.75     -6.58         0.1      4045.7
       35.0     -6.90     -6.70         1.7      4044.1
       40.0     -7.81     -7.55        20.5      4025.0
       45.0     -7.00     -6.79         4.2      4041.5
       50.0     -7.81     -7.55        20.5      4025.0
       55.0     -6.90     -6.70         1.7      4044.1
       60.0     -6.75     -6.58         0.1      4045.7
       65.0     -6.57     -6.42        -0.3      4046.1
       70.0     -6.31     -6.20        -1.4      4047.3
       75.0     -6.06     -5.99        -1.9      4047.8
       80.0     -5.72     -5.69        -0.1      4045.9
       85.0     -5.31     -4.96        11.0      4034.6
       90.0     -0.00      0.00         4.8      4040.9
    peak-to-peak: 7.81 dB (peak)  7.55 dB (energy)  22.4 ns (time)
  RSG iso ppw10 rays, amplitude x radius normalised at the arc radius (flat = 1/r)
       0.00 deg  r = [ 4.04  8.09 11.94 15.98] mm   A*r = [0.5819 0.8035 0.9319 1.    ]
      30.00 deg  r = [ 3.96  8.02 11.99 16.05] mm   A*r = [0.6363 0.6992 0.8148 1.    ]
      45.00 deg  r = [ 4.08  7.89 11.98 16.06] mm   A*r = [0.6384 0.7837 0.9032 1.    ]
      60.00 deg  r = [ 3.96  8.02 11.99 16.05] mm   A*r = [0.6363 0.6992 0.8148 1.    ]
      90.00 deg  r = [ 4.04  8.09 11.94 15.98] mm   A*r = [0.5819 0.8035 0.9319 1.    ]
  RSG iso ppw10 neighbours nbz of the 0-deg arc cell: [ -6.07 -13.7  -13.7   -6.07] dB  (spread 7.63)
  RSG iso ppw10 neighbours nby of the 0-deg arc cell: [ -6.07 -13.7  -13.7   -6.07] dB  (spread 7.63)

------------------------------------------------------------------------------
SSG ani ppw10   N 233  h 0.1925 mm  dt 10.1559 ns
  SSG ani ppw10 arc, dB and ns against 0 deg (radius-corrected)
      angle   peak dB energy dB  dt peak ns       v m/s
        0.0      0.00      0.00       -19.6      4066.0
        5.0     -0.13     -0.13       -13.3      4059.5
       10.0     -0.48     -0.48        12.1      4033.5
       15.0     -1.04     -1.04        52.9      3992.3
       20.0     -1.51     -1.51        88.0      3957.5
       25.0     -2.04     -2.05       133.8      3912.9
       30.0     -2.49     -2.53       176.8      3873.2
       35.0     -2.82     -2.90       213.0      3839.4
       40.0     -3.03     -3.14       229.7      3823.7
       45.0     -3.17     -3.31       254.0      3802.5
       50.0     -3.20     -3.34       260.2      3796.0
       55.0     -3.14     -3.27       253.6      3802.3
       60.0     -2.98     -3.10       247.9      3807.8
       65.0     -2.70     -2.81       225.2      3827.0
       70.0     -2.35     -2.41       199.7      3850.8
       75.0     -2.02     -2.06       174.8      3874.3
       80.0     -1.61     -1.62       154.3      3894.0
       85.0     -1.35     -1.36       139.0      3908.7
       90.0     -1.26     -1.26       132.7      3914.3
    peak-to-peak: 3.20 dB (peak)  3.34 dB (energy)  279.8 ns (time)
  SSG ani ppw10 rays, amplitude x radius normalised at the arc radius (flat = 1/r)
       0.00 deg  r = [ 4.04  8.09 11.94 15.98] mm   A*r = [1.0035 1.0006 1.0004 1.    ]
      30.00 deg  r = [ 3.96  8.02 11.99 16.05] mm   A*r = [1.012  1.0006 1.0036 1.    ]
      45.00 deg  r = [ 4.08  7.89 11.98 16.06] mm   A*r = [1.0015 1.0008 1.0005 1.    ]
      60.00 deg  r = [ 3.96  8.02 11.99 16.05] mm   A*r = [1.009  1.0012 1.0024 1.    ]
      90.00 deg  r = [ 4.04  8.09 11.94 15.98] mm   A*r = [1.001  1.001  1.0008 1.    ]
  SSG ani ppw10 neighbours nbz of the 0-deg arc cell: [-0.01 -0.   -0.   -0.01] dB  (spread 0.01)
  SSG ani ppw10 neighbours nby of the 0-deg arc cell: [-0.01 -0.   -0.   -0.01] dB  (spread 0.01)

------------------------------------------------------------------------------
RSG ani ppw10   N 233  h 0.1925 mm  dt 4.0624 ns
  RSG ani ppw10 arc, dB and ns against 0 deg (radius-corrected)
      angle   peak dB energy dB  dt peak ns       v m/s
        0.0      0.00      0.00       151.0      3896.8
        5.0     -6.69     -6.49       185.7      3864.7
       10.0     -7.64     -7.67       190.9      3859.7
       15.0     -8.59     -8.47       217.4      3834.6
       20.0     -9.26     -9.02       238.3      3815.3
       25.0     -9.86     -9.54       259.7      3795.5
       30.0    -10.17     -9.90       276.3      3782.3
       35.0    -10.22    -10.06       278.0      3780.5
       40.0    -10.38    -10.47       304.8      3756.2
       45.0     -9.94     -9.89       280.4      3778.9
       50.0    -11.14    -10.90       276.4      3781.4
       55.0     -9.48     -9.35       249.5      3806.0
       60.0     -9.24     -9.07       215.4      3837.4
       65.0     -8.93     -8.75       178.4      3870.4
       70.0     -8.53     -8.31       128.6      3918.0
       75.0     -8.10     -7.88        91.5      3954.2
       80.0     -7.43     -7.24        44.6      4000.7
       85.0     -6.83     -6.59        19.2      4026.3
       90.0     -8.15     -6.65       -27.7      4074.4
    peak-to-peak: 11.14 dB (peak)  10.90 dB (energy)  332.6 ns (time)
  RSG ani ppw10 rays, amplitude x radius normalised at the arc radius (flat = 1/r)
       0.00 deg  r = [ 4.04  8.09 11.94 15.98] mm   A*r = [0.5769 0.7199 0.8343 1.    ]
      30.00 deg  r = [ 3.96  8.02 11.99 16.05] mm   A*r = [0.7015 0.8329 0.987  1.    ]
      45.00 deg  r = [ 4.08  7.89 11.98 16.06] mm   A*r = [0.6509 0.7892 0.906  1.    ]
      60.00 deg  r = [ 3.96  8.02 11.99 16.05] mm   A*r = [0.6496 0.6356 0.7396 1.    ]
      90.00 deg  r = [ 4.04  8.09 11.94 15.98] mm   A*r = [1.1862 1.5268 1.4175 1.    ]
  RSG ani ppw10 neighbours nbz of the 0-deg arc cell: [ -5.44 -15.82 -15.82  -5.44] dB  (spread 10.38)
  RSG ani ppw10 neighbours nby of the 0-deg arc cell: [ -5.44 -15.82 -15.82  -5.44] dB  (spread 10.38)

==============================================================================
SUMMARY. Peak-to-peak variation around a fixed-radius arc in a
HOMOGENEOUS medium with no interface. For "iso" the physical
answer is exactly zero at every entry.
scheme  med      ppw      peak dB    energy dB      time ns
ssg     iso        4         2.86         1.28         70.4
rsg     iso        4         9.99         9.17        146.4
ssg     ani        4         1.86         2.57        231.5
rsg     ani        4        15.54        15.73        464.6
ssg     iso        6         0.23         0.02         15.5
rsg     iso        6         9.18         8.40         74.8
ssg     ani        6         3.00         3.30        279.4
rsg     ani        6        11.84        11.39        242.1
ssg     iso       10         0.01         0.01          8.2
rsg     iso       10         7.81         7.55         22.4
ssg     ani       10         3.20         3.34        279.8
rsg     ani       10        11.14        10.90        332.6
