sweep               spec      gate   r_own  rank/44      p r_mirror      z
girdle_perp_ppw8    True  (12, 24)   0.234   1/44  0.0227    0.024   13.7
girdle_perp_ppw8    True  (24, 36)   0.328   1/44  0.0227    0.223   10.4
girdle_perp_ppw8    True  (36, 44)   0.650   1/44  0.0227   -0.047    6.1
girdle_perp_ppw8    True  (44, 48)   0.299   2/44  0.0455   -0.016    4.7
girdle_perp_ppw8    True  (12, 42)   0.305   1/44  0.0227    0.039   14.8
girdle_perp_ppw8    True  (12, 48)   0.304   1/44  0.0227    0.038   17.2
girdle_perp_ppw8    True  (24, 48)   0.479   1/44  0.0227    0.076   13.2
girdle_perp_ppw8   False  (12, 24)   0.166   1/44  0.0227    0.036    4.4
girdle_perp_ppw8   False  (24, 36)   0.143   3/44  0.0682    0.080    2.2
girdle_perp_ppw8   False  (36, 44)   0.117   3/44  0.0682    0.013    1.8
girdle_perp_ppw8   False  (44, 48)   0.008  21/44  0.4773    0.021    0.1
girdle_perp_ppw8   False  (12, 42)   0.131   1/44  0.0227    0.027    4.2
girdle_perp_ppw8   False  (12, 48)   0.123   1/44  0.0227    0.029    4.3
girdle_perp_ppw8   False  (24, 48)   0.115   1/44  0.0227    0.053    2.8
singlemax_ppw8      True  (12, 24)   0.280   1/44  0.0227    0.023   13.5
singlemax_ppw8      True  (24, 36)   0.210   2/44  0.0455    0.014    3.7
singlemax_ppw8      True  (36, 44)   0.302   1/44  0.0227   -0.022    6.5
singlemax_ppw8      True  (44, 48)   0.343   1/44  0.0227   -0.014    6.3
singlemax_ppw8      True  (12, 42)   0.274   1/44  0.0227    0.014   10.8
singlemax_ppw8      True  (12, 48)   0.267   1/44  0.0227    0.010   11.9
singlemax_ppw8      True  (24, 48)   0.239   1/44  0.0227    0.004    7.3
singlemax_ppw8     False  (12, 24)   0.229   1/44  0.0227    0.097    5.2
singlemax_ppw8     False  (24, 36)   0.195   1/44  0.0227    0.095    3.4
singlemax_ppw8     False  (36, 44)   0.116   1/44  0.0227    0.015    2.9
singlemax_ppw8     False  (44, 48)  -0.051  39/44  0.8864    0.052   -1.1
singlemax_ppw8     False  (12, 42)   0.190   1/44  0.0227    0.078    4.9
singlemax_ppw8     False  (12, 48)   0.167   1/44  0.0227    0.075    4.9
singlemax_ppw8     False  (24, 48)   0.124   1/44  0.0227    0.066    3.7
kappa8_seed17       True  (12, 24)   0.096   1/44  0.0227    0.004    5.3
kappa8_seed17       True  (24, 36)   0.080   1/44  0.0227   -0.017    3.5
kappa8_seed17       True  (36, 44)   0.100   1/44  0.0227    0.014    3.6
kappa8_seed17       True  (44, 48)   0.011  17/44  0.3864   -0.002    0.2
kappa8_seed17       True  (12, 42)   0.079   1/44  0.0227    0.003    7.9
kappa8_seed17       True  (12, 48)   0.073   1/44  0.0227   -0.000    8.3
kappa8_seed17       True  (24, 48)   0.058   1/44  0.0227   -0.013    4.8
kappa8_seed17      False  (12, 24)   0.066   5/44  0.1136    0.011    1.6
kappa8_seed17      False  (24, 36)   0.077   2/44  0.0455   -0.006    2.6
kappa8_seed17      False  (36, 44)   0.040   9/44  0.2045   -0.058    1.0
kappa8_seed17      False  (44, 48)   0.006  16/44  0.3636   -0.015    0.4
kappa8_seed17      False  (12, 42)   0.046   4/44  0.0909   -0.021    1.8
kappa8_seed17      False  (12, 48)   0.043   4/44  0.0909   -0.017    1.9
kappa8_seed17      False  (24, 48)   0.045   2/44  0.0455   -0.026    2.1
oos_seed23          True  (12, 24)   0.092   1/44  0.0227    0.000    4.4
oos_seed23          True  (24, 36)   0.125   2/44  0.0455   -0.040    4.1
oos_seed23          True  (36, 44)   0.044   3/44  0.0682   -0.031    2.2
oos_seed23          True  (44, 48)   0.082   3/44  0.0682   -0.005    2.3
oos_seed23          True  (12, 42)   0.058   2/44  0.0455   -0.009    3.6
oos_seed23          True  (12, 48)   0.053   1/44  0.0227   -0.008    3.9
oos_seed23          True  (24, 48)   0.052   2/44  0.0455   -0.022    2.9
oos_seed23         False  (12, 24)   0.111   1/44  0.0227    0.050    3.4
oos_seed23         False  (24, 36)   0.116   1/44  0.0227    0.012    4.7
oos_seed23         False  (36, 44)   0.075   2/44  0.0455    0.005    2.1
oos_seed23         False  (44, 48)   0.044   7/44  0.1591    0.013    1.1
oos_seed23         False  (12, 42)   0.097   1/44  0.0227    0.033    5.0
oos_seed23         False  (12, 48)   0.088   1/44  0.0227    0.026    5.4
oos_seed23         False  (24, 48)   0.080   1/44  0.0227    0.022    4.9
iso_gcal            True  (12, 24)   0.014   8/44  0.1818   -0.022    0.9
iso_gcal            True  (24, 36)  -0.001  20/44  0.4545   -0.002    0.0
iso_gcal            True  (36, 44)   0.003  19/44  0.4318   -0.003   -0.2
iso_gcal            True  (44, 48)   0.019  11/44  0.2500    0.038    0.7
iso_gcal            True  (12, 42)   0.007  14/44  0.3182   -0.013    0.6
iso_gcal            True  (12, 48)   0.003  15/44  0.3409   -0.007    0.4
iso_gcal            True  (24, 48)  -0.006  28/44  0.6364   -0.002   -0.4
iso_gcal           False  (12, 24)   0.138   1/44  0.0227   -0.048    3.5
iso_gcal           False  (24, 36)   0.046   5/44  0.1136    0.012    1.4
iso_gcal           False  (36, 44)   0.018  13/44  0.2955   -0.011    0.5
iso_gcal           False  (44, 48)  -0.007  25/44  0.5682    0.017   -0.2
iso_gcal           False  (12, 42)   0.088   1/44  0.0227   -0.013    3.5
iso_gcal           False  (12, 48)   0.066   1/44  0.0227   -0.004    2.8
iso_gcal           False  (24, 48)   0.012  12/44  0.2727    0.002    0.5
rigid_seed11        True  (12, 24)   0.091   1/44  0.0227    0.021    4.5
rigid_seed11        True  (24, 36)   0.122   1/44  0.0227    0.037    5.2
rigid_seed11        True  (36, 44)   0.098   1/44  0.0227   -0.025    3.1
rigid_seed11        True  (44, 48)   0.078   1/44  0.0227    0.007    2.4
rigid_seed11        True  (12, 42)   0.087   1/44  0.0227    0.008    6.4
rigid_seed11        True  (12, 48)   0.082   1/44  0.0227    0.008    6.7
rigid_seed11        True  (24, 48)   0.090   1/44  0.0227    0.002    6.2
rigid_seed11       False  (12, 24)   0.247   1/44  0.0227    0.093    4.7
rigid_seed11       False  (24, 36)   0.110   1/44  0.0227    0.035    2.3
rigid_seed11       False  (36, 44)   0.105   2/44  0.0455    0.049    2.4
rigid_seed11       False  (44, 48)   0.040   9/44  0.2045   -0.028    1.0
rigid_seed11       False  (12, 42)   0.170   1/44  0.0227    0.048    5.0
rigid_seed11       False  (12, 48)   0.156   1/44  0.0227    0.045    5.4
rigid_seed11       False  (24, 48)   0.085   1/44  0.0227    0.031    3.4
girdle_par          True  (12, 24)   0.069   1/44  0.0227    0.019    3.0
girdle_par          True  (24, 36)   0.039   8/44  0.1818    0.023    1.4
girdle_par          True  (36, 44)   0.159   1/44  0.0227   -0.025    3.8
girdle_par          True  (44, 48)   0.090   4/44  0.0909    0.030    1.8
girdle_par          True  (12, 42)   0.071   1/44  0.0227    0.015    4.0
girdle_par          True  (12, 48)   0.066   1/44  0.0227    0.014    3.6
girdle_par          True  (24, 48)   0.075   1/44  0.0227    0.004    3.2
girdle_par         False  (12, 24)   0.237   1/44  0.0227    0.043    5.6
girdle_par         False  (24, 36)   0.100   1/44  0.0227    0.051    3.4
girdle_par         False  (36, 44)   0.051   6/44  0.1364    0.031    1.0
girdle_par         False  (44, 48)  -0.017  30/44  0.6818    0.036   -0.6
girdle_par         False  (12, 42)   0.156   1/44  0.0227    0.036    6.0
girdle_par         False  (12, 48)   0.140   1/44  0.0227    0.041    5.7
girdle_par         False  (24, 48)   0.059   1/44  0.0227    0.056    2.9
